Added Parameter Coil Rated Power= to Part BNC1
Added Parameter Coil Rated Power= to Part BNC2
Added Parameter Coil Resistance= to Part BNC1
Added Parameter Coil Resistance= to Part BNC2
Added Parameter Coil Type= to Part BNC1
Added Parameter Coil Type= to Part BNC2
Added Parameter Coil Voltage= to Part BNC1
Added Parameter Coil Voltage= to Part BNC2
Added Parameter Contact Form= to Part BNC1
Added Parameter Contact Form= to Part BNC2
Added Parameter Contact Material= to Part BNC1
Added Parameter Contact Material= to Part BNC2
Added Parameter Contact Rating= to Part BNC1
Added Parameter Contact Rating= to Part BNC2
Added Parameter Contact Resistance= to Part BNC1
Added Parameter Contact Resistance= to Part BNC2
Added Parameter Manufacturer Part Number=BNC-KWE-6 to Part BNC1
Added Parameter Manufacturer Part Number=BNC-KWE-6 to Part BNC2
Added Parameter ManufacturerPart=BNC-KWE-6 to Part BNC1
Added Parameter ManufacturerPart=BNC-KWE-6 to Part BNC2
Added Parameter ModelId= to Part BNC1
Added Parameter ModelId= to Part BNC2
Added Parameter ModelTransform= to Part BNC1
Added Parameter ModelTransform= to Part BNC2
Added Parameter Number of Pins= to Part BNC1
Added Parameter Number of Pins= to Part BNC2
Added Parameter Operate Time= to Part BNC1
Added Parameter Operate Time= to Part BNC2
Added Parameter Operating Temperature= to Part BNC1
Added Parameter Operating Temperature= to Part BNC2
Added Parameter Release Time= to Part BNC1
Added Parameter Release Time= to Part BNC2
Added Parameter SupplierPart= to Part BNC1
Added Parameter SupplierPart= to Part BNC2
Added Parameter Switching Current(Max)= to Part BNC1
Added Parameter Switching Current(Max)= to Part BNC2
Added Parameter Switching Voltage(Max)= to Part BNC1
Added Parameter Switching Voltage(Max)= to Part BNC2
Update Managed Component BNC1 From CMP-004-000000-4[BNC-KWE-6] To CMP-004-000000-4[BNC-KWE-6] in Analog_Input.SchDoc
Update Managed Component BNC2 From CMP-004-000000-4[BNC-KWE-6] To CMP-004-000000-4[BNC-KWE-6] in Analog_Input.SchDoc
