Removed Parameter DTEMP: from Part R3
Removed Parameter DTEMP: from Part R11
Removed Parameter SimulationGenericComponent:True from Part R3
Removed Parameter SimulationGenericComponent:True from Part R11
Removed Parameter T_REL_LOCAL: from Part R3
Removed Parameter T_REL_LOCAL: from Part R11
Removed Parameter TC1:0 from Part R3
Removed Parameter TC1:0 from Part R11
Removed Parameter TC2:0 from Part R3
Removed Parameter TC2:0 from Part R11
Removed Parameter TC: from Part R3
Removed Parameter TC: from Part R11
Removed Parameter TEMP: from Part R3
Removed Parameter TEMP: from Part R11
Change Value of Parameter Value in Part R3 Old=910K New=910k
Change Value of Parameter Value in Part R11 Old=910K New=910k
Added Parameter AddInBom=yes to Part R3
Added Parameter AddInBom=yes to Part R11
Added Parameter Channel ID= to Part R3
Added Parameter Channel ID= to Part R11
Added Parameter ConvertToPcb=yes to Part R3
Added Parameter ConvertToPcb=yes to Part R11
Added Parameter Datasheet= to Part R3
Added Parameter Datasheet= to Part R11
Added Parameter Design Item ID=FRC0805F9103TS to Part R3
Added Parameter Design Item ID=FRC0805F9103TS to Part R11
Added Parameter Device=FRC0805F9103TS to Part R3
Added Parameter Device=FRC0805F9103TS to Part R11
Added Parameter FootprintName=R0805 to Part R3
Added Parameter FootprintName=R0805 to Part R11
Added Parameter Group ID= to Part R3
Added Parameter Group ID= to Part R11
Added Parameter JLCPCB Part Class=Extended Part to Part R3
Added Parameter JLCPCB Part Class=Extended Part to Part R11
Added Parameter LCSC Part Name=910kΩ ±1% 125mW 厚膜电阻 to Part R3
Added Parameter LCSC Part Name=910kΩ ±1% 125mW 厚膜电阻 to Part R11
Added Parameter Manufacturer Part= to Part R3
Added Parameter Manufacturer Part= to Part R11
Added Parameter Manufacturer=FOJAN(富捷) to Part R3
Added Parameter Manufacturer=FOJAN(富捷) to Part R11
Added Parameter ManufacturerPart=FRC0805F9103TS to Part R3
Added Parameter ManufacturerPart=FRC0805F9103TS to Part R11
Added Parameter ModelId=b83c7c5430874b8eb2319a65d9433429聨0819f05c4eef4c71ace90d822a990e87 to Part R3
Added Parameter ModelId=b83c7c5430874b8eb2319a65d9433429聨0819f05c4eef4c71ace90d822a990e87 to Part R11
Added Parameter ModelName=R0805_L2.0-W1.3-H0.6 to Part R3
Added Parameter ModelName=R0805_L2.0-W1.3-H0.6 to Part R11
Added Parameter ModelTransform=78.74,51.181,0,0,0,0,0,-0.0005,0 to Part R3
Added Parameter ModelTransform=78.74,51.181,0,0,0,0,0,-0.0005,0 to Part R11
Added Parameter Operating Temperature Range= to Part R3
Added Parameter Operating Temperature Range= to Part R11
Added Parameter Operating Temperature=-55℃~+155℃ to Part R3
Added Parameter Operating Temperature=-55℃~+155℃ to Part R11
Added Parameter Overload Voltage (Max)= to Part R3
Added Parameter Overload Voltage (Max)= to Part R11
Added Parameter Power(Watts)=125mW to Part R3
Added Parameter Power(Watts)=125mW to Part R11
Added Parameter Reuse Block= to Part R3
Added Parameter Reuse Block= to Part R11
Added Parameter Source=P1.SCHLIB to Part R3
Added Parameter Source=P1.SCHLIB to Part R11
Added Parameter Supplier Footprint=0805 to Part R3
Added Parameter Supplier Footprint=0805 to Part R11
Added Parameter Supplier Part= to Part R3
Added Parameter Supplier Part= to Part R11
Added Parameter SupplierPart=C2999461 to Part R3
Added Parameter SupplierPart=C2999461 to Part R11
Added Parameter Symbol=FRC0805F9103TS to Part R3
Added Parameter Symbol=FRC0805F9103TS to Part R11
Added Parameter Temperature Coefficient=±100ppm/℃ to Part R3
Added Parameter Temperature Coefficient=±100ppm/℃ to Part R11
Added Parameter Tolerance=1% to Part R3
Added Parameter Tolerance=1% to Part R11
Added Parameter Type=Thick Film Resistor to Part R3
Added Parameter Type=Thick Film Resistor to Part R11
Added Parameter Voltage-Supply(Max)=150V to Part R3
Added Parameter Voltage-Supply(Max)=150V to Part R11
Update Managed Component R3 From CMP-016-000015-1[Resistor] To CMP-016-000015-1[FRC0805F9103TS] in Analog_Input.SchDoc
Update Managed Component R11 From CMP-016-000015-1[Resistor] To CMP-016-000015-1[FRC0805F9103TS] in Analog_Input.SchDoc
