Removed Parameter DTEMP: from Part R1
Removed Parameter DTEMP: from Part R7
Removed Parameter SimulationGenericComponent:True from Part R1
Removed Parameter SimulationGenericComponent:True from Part R7
Removed Parameter T_REL_LOCAL: from Part R1
Removed Parameter T_REL_LOCAL: from Part R7
Removed Parameter TC1:0 from Part R1
Removed Parameter TC1:0 from Part R7
Removed Parameter TC2:0 from Part R1
Removed Parameter TC2:0 from Part R7
Removed Parameter TC: from Part R1
Removed Parameter TC: from Part R7
Removed Parameter TEMP: from Part R1
Removed Parameter TEMP: from Part R7
Added Parameter AddInBom=yes to Part R1
Added Parameter AddInBom=yes to Part R7
Added Parameter Channel ID= to Part R1
Added Parameter Channel ID= to Part R7
Added Parameter ConvertToPcb=yes to Part R1
Added Parameter ConvertToPcb=yes to Part R7
Added Parameter Datasheet= to Part R1
Added Parameter Datasheet= to Part R7
Added Parameter Design Item ID=FRC0805F1004TS to Part R1
Added Parameter Design Item ID=FRC0805F1004TS to Part R7
Added Parameter Device=FRC0805F1004TS to Part R1
Added Parameter Device=FRC0805F1004TS to Part R7
Added Parameter FootprintName=R0805 to Part R1
Added Parameter FootprintName=R0805 to Part R7
Added Parameter Group ID= to Part R1
Added Parameter Group ID= to Part R7
Added Parameter JLCPCB Part Class=Extended Part to Part R1
Added Parameter JLCPCB Part Class=Extended Part to Part R7
Added Parameter LCSC Part Name=1MΩ ±1% 125mW 厚膜电阻 to Part R1
Added Parameter LCSC Part Name=1MΩ ±1% 125mW 厚膜电阻 to Part R7
Added Parameter Manufacturer Part= to Part R1
Added Parameter Manufacturer Part= to Part R7
Added Parameter Manufacturer=FOJAN(富捷) to Part R1
Added Parameter Manufacturer=FOJAN(富捷) to Part R7
Added Parameter ManufacturerPart=FRC0805F1004TS to Part R1
Added Parameter ManufacturerPart=FRC0805F1004TS to Part R7
Added Parameter ModelId=b83c7c5430874b8eb2319a65d9433429聨0819f05c4eef4c71ace90d822a990e87 to Part R1
Added Parameter ModelId=b83c7c5430874b8eb2319a65d9433429聨0819f05c4eef4c71ace90d822a990e87 to Part R7
Added Parameter ModelName=R0805_L2.0-W1.3-H0.6 to Part R1
Added Parameter ModelName=R0805_L2.0-W1.3-H0.6 to Part R7
Added Parameter ModelTransform=78.74,51.181,0,0,0,0,0,-0.0005,0 to Part R1
Added Parameter ModelTransform=78.74,51.181,0,0,0,0,0,-0.0005,0 to Part R7
Added Parameter Operating Temperature Range= to Part R1
Added Parameter Operating Temperature Range= to Part R7
Added Parameter Operating Temperature=-55℃~+155℃ to Part R1
Added Parameter Operating Temperature=-55℃~+155℃ to Part R7
Added Parameter Overload Voltage (Max)= to Part R1
Added Parameter Overload Voltage (Max)= to Part R7
Added Parameter Power(Watts)=125mW to Part R1
Added Parameter Power(Watts)=125mW to Part R7
Added Parameter Reuse Block= to Part R1
Added Parameter Reuse Block= to Part R7
Added Parameter Source=P1.SCHLIB to Part R1
Added Parameter Source=P1.SCHLIB to Part R7
Added Parameter Supplier Footprint=0805 to Part R1
Added Parameter Supplier Footprint=0805 to Part R7
Added Parameter Supplier Part= to Part R1
Added Parameter Supplier Part= to Part R7
Added Parameter SupplierPart=C2933280 to Part R1
Added Parameter SupplierPart=C2933280 to Part R7
Added Parameter Symbol=FRC0805F1004TS to Part R1
Added Parameter Symbol=FRC0805F1004TS to Part R7
Added Parameter Temperature Coefficient=±100ppm/℃ to Part R1
Added Parameter Temperature Coefficient=±100ppm/℃ to Part R7
Added Parameter Tolerance=1% to Part R1
Added Parameter Tolerance=1% to Part R7
Added Parameter Type=Thick Film Resistor to Part R1
Added Parameter Type=Thick Film Resistor to Part R7
Added Parameter Voltage-Supply(Max)=150V to Part R1
Added Parameter Voltage-Supply(Max)=150V to Part R7
Update Managed Component R1 From CMP-016-000007-1[Resistor] To CMP-016-000007-1[FRC0805F1004TS] in Analog_Input.SchDoc
Update Managed Component R7 From CMP-016-000007-1[Resistor] To CMP-016-000007-1[FRC0805F1004TS] in Analog_Input.SchDoc
