Removed Parameter DTEMP: from Part R6
Removed Parameter DTEMP: from Part R20
Removed Parameter SimulationGenericComponent:True from Part R6
Removed Parameter SimulationGenericComponent:True from Part R20
Removed Parameter T_REL_LOCAL: from Part R6
Removed Parameter T_REL_LOCAL: from Part R20
Removed Parameter TC1:0 from Part R6
Removed Parameter TC1:0 from Part R20
Removed Parameter TC2:0 from Part R6
Removed Parameter TC2:0 from Part R20
Removed Parameter TC: from Part R6
Removed Parameter TC: from Part R20
Removed Parameter TEMP: from Part R6
Removed Parameter TEMP: from Part R20
Change Value of Parameter Value in Part R6 Old=1500 New=1.5k
Change Value of Parameter Value in Part R20 Old=1500 New=1.5k
Added Parameter AddInBom=yes to Part R6
Added Parameter AddInBom=yes to Part R20
Added Parameter Channel ID= to Part R6
Added Parameter Channel ID= to Part R20
Added Parameter ConvertToPcb=yes to Part R6
Added Parameter ConvertToPcb=yes to Part R20
Added Parameter Datasheet= to Part R6
Added Parameter Datasheet= to Part R20
Added Parameter Design Item ID=FRC0805F1501TS to Part R6
Added Parameter Design Item ID=FRC0805F1501TS to Part R20
Added Parameter Device=FRC0805F1501TS to Part R6
Added Parameter Device=FRC0805F1501TS to Part R20
Added Parameter FootprintName=R0805 to Part R6
Added Parameter FootprintName=R0805 to Part R20
Added Parameter Group ID= to Part R6
Added Parameter Group ID= to Part R20
Added Parameter JLCPCB Part Class=Extended Part to Part R6
Added Parameter JLCPCB Part Class=Extended Part to Part R20
Added Parameter LCSC Part Name=1.5kΩ ±1% 125mW 厚膜电阻 to Part R6
Added Parameter LCSC Part Name=1.5kΩ ±1% 125mW 厚膜电阻 to Part R20
Added Parameter Manufacturer Part= to Part R6
Added Parameter Manufacturer Part= to Part R20
Added Parameter Manufacturer=FOJAN(富捷) to Part R6
Added Parameter Manufacturer=FOJAN(富捷) to Part R20
Added Parameter ManufacturerPart=FRC0805F1501TS to Part R6
Added Parameter ManufacturerPart=FRC0805F1501TS to Part R20
Added Parameter ModelId=b83c7c5430874b8eb2319a65d9433429聨0819f05c4eef4c71ace90d822a990e87 to Part R6
Added Parameter ModelId=b83c7c5430874b8eb2319a65d9433429聨0819f05c4eef4c71ace90d822a990e87 to Part R20
Added Parameter ModelName=R0805_L2.0-W1.3-H0.6 to Part R6
Added Parameter ModelName=R0805_L2.0-W1.3-H0.6 to Part R20
Added Parameter ModelTransform=78.74,51.181,0,0,0,0,0,-0.0005,0 to Part R6
Added Parameter ModelTransform=78.74,51.181,0,0,0,0,0,-0.0005,0 to Part R20
Added Parameter Operating Temperature Range= to Part R6
Added Parameter Operating Temperature Range= to Part R20
Added Parameter Operating Temperature=-55℃~+155℃ to Part R6
Added Parameter Operating Temperature=-55℃~+155℃ to Part R20
Added Parameter Overload Voltage (Max)= to Part R6
Added Parameter Overload Voltage (Max)= to Part R20
Added Parameter Power(Watts)=125mW to Part R6
Added Parameter Power(Watts)=125mW to Part R20
Added Parameter Reuse Block= to Part R6
Added Parameter Reuse Block= to Part R20
Added Parameter Source=P1.SCHLIB to Part R6
Added Parameter Source=P1.SCHLIB to Part R20
Added Parameter Supplier Footprint=0805 to Part R6
Added Parameter Supplier Footprint=0805 to Part R20
Added Parameter Supplier Part= to Part R6
Added Parameter Supplier Part= to Part R20
Added Parameter SupplierPart=C2907216 to Part R6
Added Parameter SupplierPart=C2907216 to Part R20
Added Parameter Symbol=FRC0805F1501TS to Part R6
Added Parameter Symbol=FRC0805F1501TS to Part R20
Added Parameter Temperature Coefficient=±100ppm/℃ to Part R6
Added Parameter Temperature Coefficient=±100ppm/℃ to Part R20
Added Parameter Tolerance=1% to Part R6
Added Parameter Tolerance=1% to Part R20
Added Parameter Type=Thick Film Resistor to Part R6
Added Parameter Type=Thick Film Resistor to Part R20
Added Parameter Voltage-Supply(Max)=150V to Part R6
Added Parameter Voltage-Supply(Max)=150V to Part R20
Update Managed Component R6 From CMP-016-000009-1[Resistor] To CMP-016-000009-1[FRC0805F1501TS] in Analog_Input.SchDoc
Update Managed Component R20 From CMP-016-000009-1[Resistor] To CMP-016-000009-1[FRC0805F1501TS] in Analog_Input.SchDoc
