Removed Parameter DTEMP: from Part R5
Removed Parameter DTEMP: from Part R8
Removed Parameter SimulationGenericComponent:True from Part R5
Removed Parameter SimulationGenericComponent:True from Part R8
Removed Parameter T_REL_LOCAL: from Part R5
Removed Parameter T_REL_LOCAL: from Part R8
Removed Parameter TC1:0 from Part R5
Removed Parameter TC1:0 from Part R8
Removed Parameter TC2:0 from Part R5
Removed Parameter TC2:0 from Part R8
Removed Parameter TC: from Part R5
Removed Parameter TC: from Part R8
Removed Parameter TEMP: from Part R5
Removed Parameter TEMP: from Part R8
Change Value of Parameter Value in Part R5 Old=1K New=1k
Change Value of Parameter Value in Part R8 Old=1K New=1k
Added Parameter AddInBom=yes to Part R5
Added Parameter AddInBom=yes to Part R8
Added Parameter Channel ID= to Part R5
Added Parameter Channel ID= to Part R8
Added Parameter ConvertToPcb=yes to Part R5
Added Parameter ConvertToPcb=yes to Part R8
Added Parameter Datasheet=https://atta.szlcsc.com/upload/public/pdf/source/20200306/C422600_1E6D84923E4A46A82E41ADD87F860B5C.pdf to Part R5
Added Parameter Datasheet=https://atta.szlcsc.com/upload/public/pdf/source/20200306/C422600_1E6D84923E4A46A82E41ADD87F860B5C.pdf to Part R8
Added Parameter Design Item ID=0805W8F1001T5E to Part R5
Added Parameter Design Item ID=0805W8F1001T5E to Part R8
Added Parameter Device=0805W8F1001T5E to Part R5
Added Parameter Device=0805W8F1001T5E to Part R8
Added Parameter FootprintName=R0805 to Part R5
Added Parameter FootprintName=R0805 to Part R8
Added Parameter Group ID= to Part R5
Added Parameter Group ID= to Part R8
Added Parameter JLCPCB Part Class=Basic Part to Part R5
Added Parameter JLCPCB Part Class=Basic Part to Part R8
Added Parameter LCSC Part Name=1kΩ ±1% 125mW 厚膜电阻 to Part R5
Added Parameter LCSC Part Name=1kΩ ±1% 125mW 厚膜电阻 to Part R8
Added Parameter Manufacturer Part= to Part R5
Added Parameter Manufacturer Part= to Part R8
Added Parameter Manufacturer=UNI-ROYAL(厚声) to Part R5
Added Parameter Manufacturer=UNI-ROYAL(厚声) to Part R8
Added Parameter ManufacturerPart=0805W8F1001T5E to Part R5
Added Parameter ManufacturerPart=0805W8F1001T5E to Part R8
Added Parameter ModelId=b83c7c5430874b8eb2319a65d9433429聨0819f05c4eef4c71ace90d822a990e87 to Part R5
Added Parameter ModelId=b83c7c5430874b8eb2319a65d9433429聨0819f05c4eef4c71ace90d822a990e87 to Part R8
Added Parameter ModelName=R0805_L2.0-W1.3-H0.6 to Part R5
Added Parameter ModelName=R0805_L2.0-W1.3-H0.6 to Part R8
Added Parameter ModelTransform=78.74,51.181,0,0,0,0,0,-0.0005,0 to Part R5
Added Parameter ModelTransform=78.74,51.181,0,0,0,0,0,-0.0005,0 to Part R8
Added Parameter Operating Temperature Range=-55℃~+155℃ to Part R5
Added Parameter Operating Temperature Range=-55℃~+155℃ to Part R8
Added Parameter Operating Temperature= to Part R5
Added Parameter Operating Temperature= to Part R8
Added Parameter Overload Voltage (Max)= to Part R5
Added Parameter Overload Voltage (Max)= to Part R8
Added Parameter Power(Watts)= to Part R5
Added Parameter Power(Watts)= to Part R8
Added Parameter Reuse Block= to Part R5
Added Parameter Reuse Block= to Part R8
Added Parameter Source=P1.SCHLIB to Part R5
Added Parameter Source=P1.SCHLIB to Part R8
Added Parameter Supplier Footprint=0805 to Part R5
Added Parameter Supplier Footprint=0805 to Part R8
Added Parameter Supplier Part= to Part R5
Added Parameter Supplier Part= to Part R8
Added Parameter SupplierPart=C17513 to Part R5
Added Parameter SupplierPart=C17513 to Part R8
Added Parameter Symbol=0805W8F1001T5E to Part R5
Added Parameter Symbol=0805W8F1001T5E to Part R8
Added Parameter Temperature Coefficient=±100ppm/℃ to Part R5
Added Parameter Temperature Coefficient=±100ppm/℃ to Part R8
Added Parameter Tolerance=1% to Part R5
Added Parameter Tolerance=1% to Part R8
Added Parameter Type=Thick Film Resistors to Part R5
Added Parameter Type=Thick Film Resistors to Part R8
Added Parameter Voltage-Supply(Max)= to Part R5
Added Parameter Voltage-Supply(Max)= to Part R8
Update Managed Component R5 From CMP-016-000001-1[Resistor] To CMP-016-000001-1[0805W8F1001T5E] in Analog_Input.SchDoc
Update Managed Component R8 From CMP-016-000001-1[Resistor] To CMP-016-000001-1[0805W8F1001T5E] in Analog_Input.SchDoc
