Removed Parameter Supplier Part: from Part R1
Removed Parameter Supplier Part: from Part R2
Removed Parameter Supplier Part: from Part R3
Removed Parameter Supplier Part: from Part R5
Removed Parameter Supplier Part: from Part R6
Removed Parameter Supplier Part: from Part R7
Removed Parameter Supplier Part: from Part R8
Removed Parameter Supplier Part: from Part R9
Removed Parameter Supplier Part: from Part R11
Removed Parameter Supplier Part: from Part R20
Removed Parameter Supplier Part:C149504 from Part R4
Removed Parameter Supplier Part:C149504 from Part R10
Removed Parameter Supplier Part:C250827 from Part U3
Removed Parameter Supplier Part:C250827 from Part U4
Removed Parameter Supplier Part:C20415789 from Part BNC1
Removed Parameter Supplier Part:C20415789 from Part BNC2
Removed Parameter Supplier Part:TCC0805COG200J500BT from Part C1
Removed Parameter Supplier Part:TCC0805COG200J500BT from Part C11
Removed Parameter SupplierPart: from Part BNC1
Removed Parameter SupplierPart: from Part BNC2
Removed Parameter SupplierPart: from Part C2
Removed Parameter SupplierPart: from Part C12
Removed Parameter SupplierPart: from Part R4
Removed Parameter SupplierPart: from Part R10
Removed Parameter SupplierPart:C17513 from Part R5
Removed Parameter SupplierPart:C17513 from Part R8
Removed Parameter SupplierPart:C64399 from Part RELAY1
Removed Parameter SupplierPart:C64399 from Part RELAY2
Removed Parameter SupplierPart:C250827 from Part U3
Removed Parameter SupplierPart:C250827 from Part U4
Removed Parameter SupplierPart:C2907216 from Part R6
Removed Parameter SupplierPart:C2907216 from Part R20
Removed Parameter SupplierPart:C2907218 from Part R2
Removed Parameter SupplierPart:C2907218 from Part R9
Removed Parameter SupplierPart:C2933280 from Part R1
Removed Parameter SupplierPart:C2933280 from Part R7
Removed Parameter SupplierPart:C2999461 from Part R3
Removed Parameter SupplierPart:C2999461 from Part R11
Removed Parameter SupplierPart:C5375851 from Part C1
Removed Parameter SupplierPart:C5375851 from Part C11
Added Parameter Supplier Part Number=C17513 to Part R5
Added Parameter Supplier Part Number=C17513 to Part R8
Added Parameter Supplier Part Number=C64399 to Part RELAY1
Added Parameter Supplier Part Number=C64399 to Part RELAY2
Added Parameter Supplier Part Number=C149504 to Part R4
Added Parameter Supplier Part Number=C149504 to Part R10
Added Parameter Supplier Part Number=C250827 to Part U3
Added Parameter Supplier Part Number=C250827 to Part U4
Added Parameter Supplier Part Number=C2907216 to Part R6
Added Parameter Supplier Part Number=C2907216 to Part R20
Added Parameter Supplier Part Number=C2907218 to Part R2
Added Parameter Supplier Part Number=C2907218 to Part R9
Added Parameter Supplier Part Number=C2933280 to Part R1
Added Parameter Supplier Part Number=C2933280 to Part R7
Added Parameter Supplier Part Number=C2999461 to Part R3
Added Parameter Supplier Part Number=C2999461 to Part R11
Added Parameter Supplier Part Number=C20415789 to Part BNC1
Added Parameter Supplier Part Number=C20415789 to Part BNC2
