Added Parameter AddInBom= to Part U5
Added Parameter AddInBom= to Part U5
Added Parameter AddInBom= to Part U5
Added Parameter Amplifier Type= to Part U5
Added Parameter Amplifier Type= to Part U5
Added Parameter Amplifier Type= to Part U5
Added Parameter Channel ID= to Part U5
Added Parameter Channel ID= to Part U5
Added Parameter Channel ID= to Part U5
Added Parameter ConvertToPcb= to Part U5
Added Parameter ConvertToPcb= to Part U5
Added Parameter ConvertToPcb= to Part U5
Added Parameter Current - Supply= to Part U5
Added Parameter Current - Supply= to Part U5
Added Parameter Current - Supply= to Part U5
Added Parameter Datasheet= to Part U5
Added Parameter Datasheet= to Part U5
Added Parameter Datasheet= to Part U5
Added Parameter Design Item ID= to Part U5
Added Parameter Design Item ID= to Part U5
Added Parameter Design Item ID= to Part U5
Added Parameter Device= to Part U5
Added Parameter Device= to Part U5
Added Parameter Device= to Part U5
Added Parameter FootprintName= to Part U5
Added Parameter FootprintName= to Part U5
Added Parameter FootprintName= to Part U5
Added Parameter Group ID= to Part U5
Added Parameter Group ID= to Part U5
Added Parameter Group ID= to Part U5
Added Parameter Ib - Input Bias Current= to Part U5
Added Parameter Ib - Input Bias Current= to Part U5
Added Parameter Ib - Input Bias Current= to Part U5
Added Parameter Input Offset Current(Ios)= to Part U5
Added Parameter Input Offset Current(Ios)= to Part U5
Added Parameter Input Offset Current(Ios)= to Part U5
Added Parameter Input Offset Voltage Drift(Vos TC)= to Part U5
Added Parameter Input Offset Voltage Drift(Vos TC)= to Part U5
Added Parameter Input Offset Voltage Drift(Vos TC)= to Part U5
Added Parameter JLCPCB Part Class= to Part U5
Added Parameter JLCPCB Part Class= to Part U5
Added Parameter JLCPCB Part Class= to Part U5
Added Parameter LCSC Part Name= to Part U5
Added Parameter LCSC Part Name= to Part U5
Added Parameter LCSC Part Name= to Part U5
Added Parameter Manufacturer= to Part U5
Added Parameter Manufacturer= to Part U5
Added Parameter Manufacturer= to Part U5
Added Parameter ManufacturerPart= to Part U5
Added Parameter ManufacturerPart= to Part U5
Added Parameter ManufacturerPart= to Part U5
Added Parameter ModelId= to Part U5
Added Parameter ModelId= to Part U5
Added Parameter ModelId= to Part U5
Added Parameter ModelName= to Part U5
Added Parameter ModelName= to Part U5
Added Parameter ModelName= to Part U5
Added Parameter ModelTransform= to Part U5
Added Parameter ModelTransform= to Part U5
Added Parameter ModelTransform= to Part U5
Added Parameter Number of Channels= to Part U5
Added Parameter Number of Channels= to Part U5
Added Parameter Number of Channels= to Part U5
Added Parameter Operating Temperature= to Part U5
Added Parameter Operating Temperature= to Part U5
Added Parameter Operating Temperature= to Part U5
Added Parameter Output Current= to Part U5
Added Parameter Output Current= to Part U5
Added Parameter Output Current= to Part U5
Added Parameter Quiescent Current= to Part U5
Added Parameter Quiescent Current= to Part U5
Added Parameter Quiescent Current= to Part U5
Added Parameter Rail to Rail= to Part U5
Added Parameter Rail to Rail= to Part U5
Added Parameter Rail to Rail= to Part U5
Added Parameter Reuse Block= to Part U5
Added Parameter Reuse Block= to Part U5
Added Parameter Reuse Block= to Part U5
Added Parameter Single Supply= to Part U5
Added Parameter Single Supply= to Part U5
Added Parameter Single Supply= to Part U5
Added Parameter Source= to Part U5
Added Parameter Source= to Part U5
Added Parameter Source= to Part U5
Added Parameter Supplier Footprint= to Part U5
Added Parameter Supplier Footprint= to Part U5
Added Parameter Supplier Footprint= to Part U5
Added Parameter SupplierPart= to Part U5
Added Parameter SupplierPart= to Part U5
Added Parameter SupplierPart= to Part U5
Added Parameter Symbol= to Part U5
Added Parameter Symbol= to Part U5
Added Parameter Symbol= to Part U5
Added Parameter Vos - Input Offset Voltage= to Part U5
Added Parameter Vos - Input Offset Voltage= to Part U5
Added Parameter Vos - Input Offset Voltage= to Part U5
Update Managed Component U5 From CMP-00002-9[TPH2504-TR] To CMP-00002-9[TPH2504-TR] in LPF.SchDoc
Update Managed Component U5 From CMP-00002-9[TPH2504-TR] To CMP-00002-9[TPH2504-TR] in LPF.SchDoc
Update Managed Component U5 From CMP-00002-9[TPH2504-TR] To CMP-00002-9[TPH2504-TR] in LPF.SchDoc
