Removed Parameter Supplier Part: from Part C4
Removed Parameter Supplier Part: from Part C5
Removed Parameter Supplier Part: from Part C7
Removed Parameter Supplier Part: from Part C8
Removed Parameter Supplier Part: from Part C14
Removed Parameter Supplier Part: from Part C16
Removed Parameter Supplier Part: from Part C17
Removed Parameter Supplier Part: from Part C18
Removed Parameter Supplier Part: from Part R12
Removed Parameter Supplier Part: from Part R13
Removed Parameter Supplier Part: from Part R14
Removed Parameter Supplier Part: from Part R16
Removed Parameter Supplier Part: from Part R17
Removed Parameter Supplier Part: from Part R18
Removed Parameter Supplier Part: from Part R19
Removed Parameter Supplier Part: from Part R21
Removed Parameter Supplier Part: from Part R22
Removed Parameter Supplier Part: from Part R23
Removed Parameter Supplier Part: from Part R25
Removed Parameter Supplier Part: from Part R26
Removed Parameter Supplier Part: from Part R27
Removed Parameter Supplier Part: from Part R28
Removed Parameter Supplier Part: from Part R36
Removed Parameter Supplier Part: from Part R48
Removed Parameter Supplier Part:C17499 from Part R15
Removed Parameter Supplier Part:C17499 from Part R24
Removed Parameter Supplier Part:TCC0805COG200J500BT from Part C6
Removed Parameter Supplier Part:TCC0805COG200J500BT from Part C15
Removed Parameter SupplierPart: from Part R15
Removed Parameter SupplierPart: from Part R24
Removed Parameter SupplierPart: from Part U1
Removed Parameter SupplierPart: from Part U1
Removed Parameter SupplierPart: from Part U1
Removed Parameter SupplierPart: from Part U5
Removed Parameter SupplierPart: from Part U5
Removed Parameter SupplierPart: from Part U5
Removed Parameter SupplierPart:C1796 from Part C8
Removed Parameter SupplierPart:C1796 from Part C18
Removed Parameter SupplierPart:C17414 from Part R19
Removed Parameter SupplierPart:C17414 from Part R28
Removed Parameter SupplierPart:C190088 from Part C5
Removed Parameter SupplierPart:C190088 from Part C14
Removed Parameter SupplierPart:C273951 from Part R16
Removed Parameter SupplierPart:C273951 from Part R25
Removed Parameter SupplierPart:C865133 from Part R14
Removed Parameter SupplierPart:C865133 from Part R23
Removed Parameter SupplierPart:C2177610 from Part C4
Removed Parameter SupplierPart:C2177610 from Part C7
Removed Parameter SupplierPart:C2177610 from Part C16
Removed Parameter SupplierPart:C2177610 from Part C17
Removed Parameter SupplierPart:C2933420 from Part R17
Removed Parameter SupplierPart:C2933420 from Part R18
Removed Parameter SupplierPart:C2933420 from Part R36
Removed Parameter SupplierPart:C2933420 from Part R48
Removed Parameter SupplierPart:C2933425 from Part R12
Removed Parameter SupplierPart:C2933425 from Part R21
Removed Parameter SupplierPart:C2933489 from Part R13
Removed Parameter SupplierPart:C2933489 from Part R22
Removed Parameter SupplierPart:C2999485 from Part R26
Removed Parameter SupplierPart:C2999485 from Part R27
Removed Parameter SupplierPart:C5375851 from Part C15
Added Parameter Supplier Part Number=C1796 to Part C8
Added Parameter Supplier Part Number=C1796 to Part C18
Added Parameter Supplier Part Number=C17414 to Part R19
Added Parameter Supplier Part Number=C17414 to Part R28
Added Parameter Supplier Part Number=C17499 to Part R15
Added Parameter Supplier Part Number=C17499 to Part R24
Added Parameter Supplier Part Number=C190088 to Part C5
Added Parameter Supplier Part Number=C190088 to Part C14
Added Parameter Supplier Part Number=C273951 to Part R16
Added Parameter Supplier Part Number=C273951 to Part R25
Added Parameter Supplier Part Number=C865133 to Part R14
Added Parameter Supplier Part Number=C865133 to Part R23
Added Parameter Supplier Part Number=C2177610 to Part C4
Added Parameter Supplier Part Number=C2177610 to Part C7
Added Parameter Supplier Part Number=C2177610 to Part C16
Added Parameter Supplier Part Number=C2177610 to Part C17
Added Parameter Supplier Part Number=C2933420 to Part R17
Added Parameter Supplier Part Number=C2933420 to Part R18
Added Parameter Supplier Part Number=C2933420 to Part R36
Added Parameter Supplier Part Number=C2933420 to Part R48
Added Parameter Supplier Part Number=C2933425 to Part R12
Added Parameter Supplier Part Number=C2933425 to Part R21
Added Parameter Supplier Part Number=C2933489 to Part R13
Added Parameter Supplier Part Number=C2933489 to Part R22
Added Parameter Supplier Part Number=C2999485 to Part R26
Added Parameter Supplier Part Number=C2999485 to Part R27
