Removed Parameter DTEMP: from Part R18
Removed Parameter DTEMP: from Part R27
Removed Parameter SimulationGenericComponent:True from Part R18
Removed Parameter SimulationGenericComponent:True from Part R27
Removed Parameter T_REL_LOCAL: from Part R18
Removed Parameter T_REL_LOCAL: from Part R27
Removed Parameter TC1:0 from Part R18
Removed Parameter TC1:0 from Part R27
Removed Parameter TC2:0 from Part R18
Removed Parameter TC2:0 from Part R27
Removed Parameter TC: from Part R18
Removed Parameter TC: from Part R27
Removed Parameter TEMP: from Part R18
Removed Parameter TEMP: from Part R27
Change Value of Parameter Value in Part R18 Old=3.01K New=3.01k
Change Value of Parameter Value in Part R27 Old=3.01K New=3.01k
Added Parameter AddInBom=yes to Part R18
Added Parameter AddInBom=yes to Part R27
Added Parameter Channel ID= to Part R18
Added Parameter Channel ID= to Part R27
Added Parameter ConvertToPcb=yes to Part R18
Added Parameter ConvertToPcb=yes to Part R27
Added Parameter Datasheet=https://item.szlcsc.com/datasheet/FRC0805F3011TS/3476925.html to Part R18
Added Parameter Datasheet=https://item.szlcsc.com/datasheet/FRC0805F3011TS/3476925.html to Part R27
Added Parameter Design Item ID=FRC0805F3011TS to Part R18
Added Parameter Design Item ID=FRC0805F3011TS to Part R27
Added Parameter Device=FRC0805F3011TS to Part R18
Added Parameter Device=FRC0805F3011TS to Part R27
Added Parameter FootprintName=R0805 to Part R18
Added Parameter FootprintName=R0805 to Part R27
Added Parameter Group ID= to Part R18
Added Parameter Group ID= to Part R27
Added Parameter JLCPCB Part Class=Extended Part to Part R18
Added Parameter JLCPCB Part Class=Extended Part to Part R27
Added Parameter LCSC Part Name=3.01kΩ ±1% 125mW 厚膜电阻 to Part R18
Added Parameter LCSC Part Name=3.01kΩ ±1% 125mW 厚膜电阻 to Part R27
Added Parameter Manufacturer Part= to Part R18
Added Parameter Manufacturer Part= to Part R27
Added Parameter Manufacturer=FOJAN(富捷) to Part R18
Added Parameter Manufacturer=FOJAN(富捷) to Part R27
Added Parameter ManufacturerPart=FRC0805F3011TS to Part R18
Added Parameter ManufacturerPart=FRC0805F3011TS to Part R27
Added Parameter ModelId=b83c7c5430874b8eb2319a65d9433429聨0819f05c4eef4c71ace90d822a990e87 to Part R18
Added Parameter ModelId=b83c7c5430874b8eb2319a65d9433429聨0819f05c4eef4c71ace90d822a990e87 to Part R27
Added Parameter ModelName=R0805_L2.0-W1.3-H0.6 to Part R18
Added Parameter ModelName=R0805_L2.0-W1.3-H0.6 to Part R27
Added Parameter ModelTransform=78.74,51.181,0,0,0,0,0,-0.0005,0 to Part R18
Added Parameter ModelTransform=78.74,51.181,0,0,0,0,0,-0.0005,0 to Part R27
Added Parameter Operating Temperature Range= to Part R18
Added Parameter Operating Temperature Range= to Part R27
Added Parameter Operating Temperature=-55℃~+155℃ to Part R18
Added Parameter Operating Temperature=-55℃~+155℃ to Part R27
Added Parameter Overload Voltage (Max)= to Part R18
Added Parameter Overload Voltage (Max)= to Part R27
Added Parameter Power(Watts)=125mW to Part R18
Added Parameter Power(Watts)=125mW to Part R27
Added Parameter Reuse Block= to Part R18
Added Parameter Reuse Block= to Part R27
Added Parameter Source=P1.SCHLIB to Part R18
Added Parameter Source=P1.SCHLIB to Part R27
Added Parameter Supplier Footprint=0805 to Part R18
Added Parameter Supplier Footprint=0805 to Part R27
Added Parameter Supplier Part= to Part R18
Added Parameter Supplier Part= to Part R27
Added Parameter SupplierPart=C2999485 to Part R18
Added Parameter SupplierPart=C2999485 to Part R27
Added Parameter Symbol=FRC0805F3011TS to Part R18
Added Parameter Symbol=FRC0805F3011TS to Part R27
Added Parameter Temperature Coefficient=±100ppm/℃ to Part R18
Added Parameter Temperature Coefficient=±100ppm/℃ to Part R27
Added Parameter Tolerance=1% to Part R18
Added Parameter Tolerance=1% to Part R27
Added Parameter Type=Thick Film Resistor to Part R18
Added Parameter Type=Thick Film Resistor to Part R27
Added Parameter Voltage-Supply(Max)=150V to Part R18
Added Parameter Voltage-Supply(Max)=150V to Part R27
Update Managed Component R18 From CMP-016-000010-1[Resistor] To CMP-016-000010-1[FRC0805F3011TS] in LPF.SchDoc
Update Managed Component R27 From CMP-016-000010-1[Resistor] To CMP-016-000010-1[FRC0805F3011TS] in LPF.SchDoc
