Removed Parameter Manufacturer Part: from Part C4
Removed Parameter Manufacturer Part: from Part C7
Removed Parameter Manufacturer Part: from Part C16
Removed Parameter Manufacturer Part: from Part C17
Removed Parameter Manufacturer Part:TCC0805COG200J500BT from Part C6
Removed Parameter Manufacturer Part:TCC0805COG200J500BT from Part C15
Removed Parameter ManufacturerPart: from Part U1
Removed Parameter ManufacturerPart: from Part U1
Removed Parameter ManufacturerPart: from Part U1
Removed Parameter ManufacturerPart: from Part U5
Removed Parameter ManufacturerPart: from Part U5
Removed Parameter ManufacturerPart: from Part U5
Removed Parameter ManufacturerPart:TCC0805COG200J500BT from Part C6
Removed Parameter ManufacturerPart:TCC0805COG200J500BT from Part C15
Removed Parameter ManufacturerPart:VJ0805A100FXACW1BC from Part C4
Removed Parameter ManufacturerPart:VJ0805A100FXACW1BC from Part C7
Removed Parameter ManufacturerPart:VJ0805A100FXACW1BC from Part C16
Removed Parameter ManufacturerPart:VJ0805A100FXACW1BC from Part C17
Added Parameter Manufacturer Part Number=TCC0805COG200J500BT to Part C6
Added Parameter Manufacturer Part Number=TCC0805COG200J500BT to Part C15
Added Parameter Manufacturer Part Number=VJ0805A100FXACW1BC to Part C4
Added Parameter Manufacturer Part Number=VJ0805A100FXACW1BC to Part C7
Added Parameter Manufacturer Part Number=VJ0805A100FXACW1BC to Part C16
Added Parameter Manufacturer Part Number=VJ0805A100FXACW1BC to Part C17
