Removed Parameter DTEMP: from Part R31
Removed Parameter DTEMP: from Part R35
Removed Parameter SimulationGenericComponent:True from Part R31
Removed Parameter SimulationGenericComponent:True from Part R35
Removed Parameter T_REL_LOCAL: from Part R31
Removed Parameter T_REL_LOCAL: from Part R35
Removed Parameter TC1:0 from Part R31
Removed Parameter TC1:0 from Part R35
Removed Parameter TC2:0 from Part R31
Removed Parameter TC2:0 from Part R35
Removed Parameter TC: from Part R31
Removed Parameter TC: from Part R35
Removed Parameter TEMP: from Part R31
Removed Parameter TEMP: from Part R35
Change Value of Parameter Value in Part R31 Old=20K New=20k
Change Value of Parameter Value in Part R35 Old=20K New=20k
Added Parameter AddInBom=yes to Part R31
Added Parameter AddInBom=yes to Part R35
Added Parameter Channel ID= to Part R31
Added Parameter Channel ID= to Part R35
Added Parameter ConvertToPcb=yes to Part R31
Added Parameter ConvertToPcb=yes to Part R35
Added Parameter Datasheet=https://atta.szlcsc.com/upload/public/pdf/source/20200306/C422600_1E6D84923E4A46A82E41ADD87F860B5C.pdf to Part R31
Added Parameter Datasheet=https://atta.szlcsc.com/upload/public/pdf/source/20200306/C422600_1E6D84923E4A46A82E41ADD87F860B5C.pdf to Part R35
Added Parameter Design Item ID=0805W8F2002T5E to Part R31
Added Parameter Design Item ID=0805W8F2002T5E to Part R35
Added Parameter Device=0805W8F2002T5E to Part R31
Added Parameter Device=0805W8F2002T5E to Part R35
Added Parameter FootprintName=R0805 to Part R31
Added Parameter FootprintName=R0805 to Part R35
Added Parameter Group ID= to Part R31
Added Parameter Group ID= to Part R35
Added Parameter JLCPCB Part Class=Basic Part to Part R31
Added Parameter JLCPCB Part Class=Basic Part to Part R35
Added Parameter LCSC Part Name=20kΩ ±1% 125mW 厚膜电阻 to Part R31
Added Parameter LCSC Part Name=20kΩ ±1% 125mW 厚膜电阻 to Part R35
Added Parameter Manufacturer Part=0805W8F2002T5E to Part R31
Added Parameter Manufacturer Part=0805W8F2002T5E to Part R35
Added Parameter Manufacturer=UNI-ROYAL(厚声) to Part R31
Added Parameter Manufacturer=UNI-ROYAL(厚声) to Part R35
Added Parameter ManufacturerPart= to Part R31
Added Parameter ManufacturerPart= to Part R35
Added Parameter ModelId=b83c7c5430874b8eb2319a65d9433429聨0819f05c4eef4c71ace90d822a990e87 to Part R31
Added Parameter ModelId=b83c7c5430874b8eb2319a65d9433429聨0819f05c4eef4c71ace90d822a990e87 to Part R35
Added Parameter ModelName=R0805_L2.0-W1.3-H0.6 to Part R31
Added Parameter ModelName=R0805_L2.0-W1.3-H0.6 to Part R35
Added Parameter ModelTransform=78.74,51.181,0,0,0,0,0,-0.0005,0 to Part R31
Added Parameter ModelTransform=78.74,51.181,0,0,0,0,0,-0.0005,0 to Part R35
Added Parameter Operating Temperature Range=-55℃~+155℃ to Part R31
Added Parameter Operating Temperature Range=-55℃~+155℃ to Part R35
Added Parameter Operating Temperature= to Part R31
Added Parameter Operating Temperature= to Part R35
Added Parameter Overload Voltage (Max)= to Part R31
Added Parameter Overload Voltage (Max)= to Part R35
Added Parameter Power(Watts)= to Part R31
Added Parameter Power(Watts)= to Part R35
Added Parameter Reuse Block= to Part R31
Added Parameter Reuse Block= to Part R35
Added Parameter Source=P1.SCHLIB to Part R31
Added Parameter Source=P1.SCHLIB to Part R35
Added Parameter Supplier Footprint=0805 to Part R31
Added Parameter Supplier Footprint=0805 to Part R35
Added Parameter Supplier Part=C4328 to Part R31
Added Parameter Supplier Part=C4328 to Part R35
Added Parameter SupplierPart= to Part R31
Added Parameter SupplierPart= to Part R35
Added Parameter Symbol=0805W8F2002T5E to Part R31
Added Parameter Symbol=0805W8F2002T5E to Part R35
Added Parameter Temperature Coefficient=±100ppm/℃ to Part R31
Added Parameter Temperature Coefficient=±100ppm/℃ to Part R35
Added Parameter Tolerance=1% to Part R31
Added Parameter Tolerance=1% to Part R35
Added Parameter Type=Thick Film Resistors to Part R31
Added Parameter Type=Thick Film Resistors to Part R35
Added Parameter Voltage-Supply(Max)= to Part R31
Added Parameter Voltage-Supply(Max)= to Part R35
Update Managed Component R31 From CMP-016-000005-1[Resistor] To CMP-016-000005-1[0805W8F2002T5E] in PGA_CH1.SchDoc
Update Managed Component R35 From CMP-016-000005-1[Resistor] To CMP-016-000005-1[0805W8F2002T5E] in PGA_CH1.SchDoc
