Removed Parameter Supplier Part: from Part C19
Removed Parameter Supplier Part: from Part C23
Removed Parameter Supplier Part: from Part R29
Removed Parameter Supplier Part: from Part R30
Removed Parameter Supplier Part: from Part R32
Removed Parameter Supplier Part: from Part R33
Removed Parameter Supplier Part: from Part R34
Removed Parameter Supplier Part: from Part R50
Removed Parameter Supplier Part:C4328 from Part R31
Removed Parameter Supplier Part:C4328 from Part R35
Removed Parameter Supplier Part:C111492 from Part C9
Removed Parameter Supplier Part:C111492 from Part C10
Removed Parameter Supplier Part:C111492 from Part C20
Removed Parameter Supplier Part:C111492 from Part C21
Removed Parameter Supplier Part:C111492 from Part C22
Removed Parameter Supplier Part:C111492 from Part C24
Removed Parameter SupplierPart: from Part C9
Removed Parameter SupplierPart: from Part C10
Removed Parameter SupplierPart: from Part C20
Removed Parameter SupplierPart: from Part C21
Removed Parameter SupplierPart: from Part C22
Removed Parameter SupplierPart: from Part C24
Removed Parameter SupplierPart: from Part R31
Removed Parameter SupplierPart: from Part R35
Removed Parameter SupplierPart:C17414 from Part R30
Removed Parameter SupplierPart:C17414 from Part R34
Removed Parameter SupplierPart:C380336 from Part C19
Removed Parameter SupplierPart:C380336 from Part C23
Removed Parameter SupplierPart:C2057394 from Part U2
Removed Parameter SupplierPart:C2057394 from Part U6
Removed Parameter SupplierPart:C2907218 from Part R32
Removed Parameter SupplierPart:C2907218 from Part R50
Removed Parameter SupplierPart:C3000533 from Part R29
Removed Parameter SupplierPart:C3000533 from Part R33
Added Parameter Supplier Part Number=C4328 to Part R31
Added Parameter Supplier Part Number=C4328 to Part R35
Added Parameter Supplier Part Number=C17414 to Part R30
Added Parameter Supplier Part Number=C17414 to Part R34
Added Parameter Supplier Part Number=C111492 to Part C9
Added Parameter Supplier Part Number=C111492 to Part C10
Added Parameter Supplier Part Number=C111492 to Part C20
Added Parameter Supplier Part Number=C111492 to Part C21
Added Parameter Supplier Part Number=C111492 to Part C22
Added Parameter Supplier Part Number=C111492 to Part C24
Added Parameter Supplier Part Number=C380336 to Part C19
Added Parameter Supplier Part Number=C380336 to Part C23
Added Parameter Supplier Part Number=C2057394 to Part U2
Added Parameter Supplier Part Number=C2057394 to Part U6
Added Parameter Supplier Part Number=C2907218 to Part R32
Added Parameter Supplier Part Number=C2907218 to Part R50
Added Parameter Supplier Part Number=C3000533 to Part R29
Added Parameter Supplier Part Number=C3000533 to Part R33
