Removed Parameter DTEMP: from Part R32
Removed Parameter SimulationGenericComponent:True from Part R32
Removed Parameter T_REL_LOCAL: from Part R32
Removed Parameter TC1:0 from Part R32
Removed Parameter TC2:0 from Part R32
Removed Parameter TC: from Part R32
Removed Parameter TEMP: from Part R32
Added Parameter AddInBom=yes to Part R32
Added Parameter Channel ID= to Part R32
Added Parameter ConvertToPcb=yes to Part R32
Added Parameter Datasheet=https://item.szlcsc.com/datasheet/FRC0805F1000TS/3180731.html to Part R32
Added Parameter Design Item ID=FRC0805F1000TS to Part R32
Added Parameter Device=FRC0805F1000TS to Part R32
Added Parameter FootprintName=R0805 to Part R32
Added Parameter Group ID= to Part R32
Added Parameter JLCPCB Part Class=Extended Part to Part R32
Added Parameter LCSC Part Name=100Ω ±1% 125mW 厚膜电阻 to Part R32
Added Parameter Manufacturer Part= to Part R32
Added Parameter Manufacturer=FOJAN(富捷) to Part R32
Added Parameter ManufacturerPart=FRC0805F1000TS to Part R32
Added Parameter ModelId=b83c7c5430874b8eb2319a65d9433429聨0819f05c4eef4c71ace90d822a990e87 to Part R32
Added Parameter ModelName=R0805_L2.0-W1.3-H0.6 to Part R32
Added Parameter ModelTransform=78.74,51.181,0,0,0,0,0,-0.0005,0 to Part R32
Added Parameter Operating Temperature Range= to Part R32
Added Parameter Operating Temperature=-55℃~+155℃ to Part R32
Added Parameter Overload Voltage (Max)= to Part R32
Added Parameter Power(Watts)=125mW to Part R32
Added Parameter Reuse Block= to Part R32
Added Parameter Source=P1.SCHLIB to Part R32
Added Parameter Supplier Footprint=0805 to Part R32
Added Parameter Supplier Part= to Part R32
Added Parameter SupplierPart=C2907218 to Part R32
Added Parameter Symbol=FRC0805F1000TS to Part R32
Added Parameter Temperature Coefficient=±100ppm/℃ to Part R32
Added Parameter Tolerance=1% to Part R32
Added Parameter Type=Thick Film Resistor to Part R32
Added Parameter Voltage-Supply(Max)=150V to Part R32
Update Managed Component R32 From CMP-016-000006-1[Resistor] To CMP-016-000006-1[FRC0805F1000TS] in PGA_CH1.SchDoc
