Removed Parameter CPAR: from Part C25
Removed Parameter LSER: from Part C25
Removed Parameter RLSHUNT: from Part C25
Removed Parameter RPAR: from Part C25
Removed Parameter RSER: from Part C25
Removed Parameter SimulationGenericComponent:True from Part C25
Removed Parameter TEMP: from Part C25
Change Value of Parameter Value in Part C25 Old=0.1uF New=100nF
Added Parameter AddInBom=yes to Part C25
Added Parameter Channel ID= to Part C25
Added Parameter ConvertToPcb=yes to Part C25
Added Parameter Datasheet=https://item.szlcsc.com/datasheet/CC0805JRX7R9BB104/112720.html to Part C25
Added Parameter Design Item ID=CC0805JRX7R9BB104 to Part C25
Added Parameter Device=CC0805JRX7R9BB104 to Part C25
Added Parameter FootprintName=C0805 to Part C25
Added Parameter Group ID= to Part C25
Added Parameter JLCPCB Part Class=Extended Part to Part C25
Added Parameter LCSC Part Name=100nF ±5% 50V to Part C25
Added Parameter Manufacturer Part=CC0805JRX7R9BB104 to Part C25
Added Parameter Manufacturer=YAGEO(国巨) to Part C25
Added Parameter ManufacturerPart=CC0805JRX7R9BB104 to Part C25
Added Parameter ModelId=8c88e81f49c6409b980720ec8953afb6聨0819f05c4eef4c71ace90d822a990e87 to Part C25
Added Parameter ModelName=C0805_L2.0-W1.3-H1.3 to Part C25
Added Parameter ModelTransform=78.74,51.181,0,0,0,0,0,0.0005,0 to Part C25
Added Parameter Reuse Block= to Part C25
Added Parameter Source=P1.SCHLIB to Part C25
Added Parameter Supplier Footprint=0805 to Part C25
Added Parameter Supplier Part=C111492 to Part C25
Added Parameter SupplierPart= to Part C25
Added Parameter Symbol=CC0805JRX7R9BB104 to Part C25
Added Parameter Temperature Coefficient=X7R to Part C25
Added Parameter Tolerance=5% to Part C25
Added Parameter Voltage Rating=50V to Part C25
Update Managed Component C25 From CMP-015-000003-2[Capacitor] To CMP-015-000003-2[CC0805JRX7R9BB104] in REF_VOLTAGE_RELAY_DRIVER.SchDoc
