Removed Parameter Supplier Part: from Part R37
Removed Parameter Supplier Part: from Part R38
Removed Parameter Supplier Part: from Part R39
Removed Parameter Supplier Part: from Part R40
Removed Parameter Supplier Part: from Part R41
Removed Parameter Supplier Part: from Part R42
Removed Parameter Supplier Part: from Part R43
Removed Parameter Supplier Part: from Part R44
Removed Parameter Supplier Part:C111492 from Part C25
Removed Parameter Supplier Part:C111492 from Part C26
Removed Parameter SupplierPart: from Part C25
Removed Parameter SupplierPart: from Part C26
Removed Parameter SupplierPart: from Part U7
Removed Parameter SupplierPart:C17414 from Part R37
Removed Parameter SupplierPart:C17414 from Part R40
Removed Parameter SupplierPart:C17414 from Part R41
Removed Parameter SupplierPart:C17414 from Part R43
Removed Parameter SupplierPart:C17477 from Part R38
Removed Parameter SupplierPart:C17477 from Part R39
Removed Parameter SupplierPart:C17513 from Part R42
Removed Parameter SupplierPart:C17513 from Part R44
Removed Parameter SupplierPart:C54120489 from Part U8
Added Parameter Supplier Part Number=C17414 to Part R37
Added Parameter Supplier Part Number=C17414 to Part R40
Added Parameter Supplier Part Number=C17414 to Part R41
Added Parameter Supplier Part Number=C17414 to Part R43
Added Parameter Supplier Part Number=C17477 to Part R38
Added Parameter Supplier Part Number=C17477 to Part R39
Added Parameter Supplier Part Number=C17513 to Part R42
Added Parameter Supplier Part Number=C17513 to Part R44
Added Parameter Supplier Part Number=C111492 to Part C25
Added Parameter Supplier Part Number=C111492 to Part C26
Added Parameter Supplier Part Number=C54120489 to Part U8
