Removed Parameter Manufacturer Part: from Part R37
Removed Parameter Manufacturer Part: from Part R38
Removed Parameter Manufacturer Part: from Part R39
Removed Parameter Manufacturer Part: from Part R40
Removed Parameter Manufacturer Part: from Part R41
Removed Parameter Manufacturer Part: from Part R42
Removed Parameter Manufacturer Part: from Part R43
Removed Parameter Manufacturer Part: from Part R44
Removed Parameter Manufacturer Part:CC0805JRX7R9BB104 from Part C25
Removed Parameter Manufacturer Part:CC0805JRX7R9BB104 from Part C26
Removed Parameter ManufacturerPart:0805W8F0000T5E from Part R38
Removed Parameter ManufacturerPart:0805W8F0000T5E from Part R39
Removed Parameter ManufacturerPart:0805W8F1001T5E from Part R42
Removed Parameter ManufacturerPart:0805W8F1001T5E from Part R44
Removed Parameter ManufacturerPart:0805W8F1002T5E from Part R37
Removed Parameter ManufacturerPart:0805W8F1002T5E from Part R40
Removed Parameter ManufacturerPart:0805W8F1002T5E from Part R41
Removed Parameter ManufacturerPart:0805W8F1002T5E from Part R43
Removed Parameter ManufacturerPart:CC0805JRX7R9BB104 from Part C25
Removed Parameter ManufacturerPart:CC0805JRX7R9BB104 from Part C26
Added Parameter Manufacturer Part Number=0805W8F0000T5E to Part R38
Added Parameter Manufacturer Part Number=0805W8F0000T5E to Part R39
Added Parameter Manufacturer Part Number=0805W8F1001T5E to Part R42
Added Parameter Manufacturer Part Number=0805W8F1001T5E to Part R44
Added Parameter Manufacturer Part Number=0805W8F1002T5E to Part R37
Added Parameter Manufacturer Part Number=0805W8F1002T5E to Part R40
Added Parameter Manufacturer Part Number=0805W8F1002T5E to Part R41
Added Parameter Manufacturer Part Number=0805W8F1002T5E to Part R43
Added Parameter Manufacturer Part Number=CC0805JRX7R9BB104 to Part C25
Added Parameter Manufacturer Part Number=CC0805JRX7R9BB104 to Part C26
