Removed Parameter DTEMP: from Part R45
Removed Parameter SimulationGenericComponent:True from Part R45
Removed Parameter T_REL_LOCAL: from Part R45
Removed Parameter TC1:0 from Part R45
Removed Parameter TC2:0 from Part R45
Removed Parameter TC: from Part R45
Removed Parameter TEMP: from Part R45
Change Value of Parameter Value in Part R45 Old=10K New=10k
Added Parameter AddInBom=yes to Part R45
Added Parameter Channel ID= to Part R45
Added Parameter ConvertToPcb=yes to Part R45
Added Parameter Datasheet=https://item.szlcsc.com/datasheet/0805W8F1002T5E/18102.html to Part R45
Added Parameter Design Item ID=0805W8F1002T5E to Part R45
Added Parameter Device=0805W8F1002T5E to Part R45
Added Parameter FootprintName=R0805 to Part R45
Added Parameter Group ID= to Part R45
Added Parameter JLCPCB Part Class=Basic Part to Part R45
Added Parameter LCSC Part Name=10kΩ ±1% 125mW 厚膜电阻 to Part R45
Added Parameter Manufacturer Part= to Part R45
Added Parameter Manufacturer=UNI-ROYAL(厚声) to Part R45
Added Parameter ManufacturerPart=0805W8F1002T5E to Part R45
Added Parameter ModelId=b83c7c5430874b8eb2319a65d9433429聨0819f05c4eef4c71ace90d822a990e87 to Part R45
Added Parameter ModelName=R0805_L2.0-W1.3-H0.6 to Part R45
Added Parameter ModelTransform=78.74,51.181,0,0,0,0,0,-0.0005,0 to Part R45
Added Parameter Operating Temperature Range= to Part R45
Added Parameter Operating Temperature=-55℃~+155℃ to Part R45
Added Parameter Overload Voltage (Max)= to Part R45
Added Parameter Power(Watts)=125mW to Part R45
Added Parameter Reuse Block= to Part R45
Added Parameter Source=P1.SCHLIB to Part R45
Added Parameter Supplier Footprint=0805 to Part R45
Added Parameter Supplier Part= to Part R45
Added Parameter SupplierPart=C17414 to Part R45
Added Parameter Symbol=0805W8F1002T5E to Part R45
Added Parameter Temperature Coefficient=±100ppm/℃ to Part R45
Added Parameter Tolerance=1% to Part R45
Added Parameter Type=Thick Film Resistor to Part R45
Added Parameter Voltage-Supply(Max)=150V to Part R45
Update Managed Component R45 From CMP-016-000002-1[Resistor] To CMP-016-000002-1[0805W8F1002T5E] in Trigger.SchDoc
