Removed Parameter Supplier Part: from Part R45
Removed Parameter Supplier Part: from Part R46
Removed Parameter Supplier Part: from Part R47
Removed Parameter Supplier Part: from Part R49
Removed Parameter Supplier Part: from Part R51
Removed Parameter Supplier Part:C111492 from Part C27
Removed Parameter Supplier Part:C111492 from Part C28
Removed Parameter Supplier Part:C111492 from Part C29
Removed Parameter SupplierPart: from Part C27
Removed Parameter SupplierPart: from Part C28
Removed Parameter SupplierPart: from Part C29
Removed Parameter SupplierPart: from Part U5
Removed Parameter SupplierPart:C17414 from Part R45
Removed Parameter SupplierPart:C17513 from Part R46
Removed Parameter SupplierPart:C17513 from Part R47
Removed Parameter SupplierPart:C17513 from Part R49
Removed Parameter SupplierPart:C64399 from Part RELAY3
Added Parameter Supplier Part Number=C17414 to Part R45
Added Parameter Supplier Part Number=C17513 to Part R46
Added Parameter Supplier Part Number=C17513 to Part R47
Added Parameter Supplier Part Number=C17513 to Part R49
Added Parameter Supplier Part Number=C64399 to Part RELAY3
Added Parameter Supplier Part Number=C111492 to Part C27
Added Parameter Supplier Part Number=C111492 to Part C28
Added Parameter Supplier Part Number=C111492 to Part C29
