Removed Parameter DTEMP: from Part R46
Removed Parameter DTEMP: from Part R47
Removed Parameter DTEMP: from Part R49
Removed Parameter SimulationGenericComponent:True from Part R46
Removed Parameter SimulationGenericComponent:True from Part R47
Removed Parameter SimulationGenericComponent:True from Part R49
Removed Parameter T_REL_LOCAL: from Part R46
Removed Parameter T_REL_LOCAL: from Part R47
Removed Parameter T_REL_LOCAL: from Part R49
Removed Parameter TC1:0 from Part R46
Removed Parameter TC1:0 from Part R47
Removed Parameter TC1:0 from Part R49
Removed Parameter TC2:0 from Part R46
Removed Parameter TC2:0 from Part R47
Removed Parameter TC2:0 from Part R49
Removed Parameter TC: from Part R46
Removed Parameter TC: from Part R47
Removed Parameter TC: from Part R49
Removed Parameter TEMP: from Part R46
Removed Parameter TEMP: from Part R47
Removed Parameter TEMP: from Part R49
Change Value of Parameter Value in Part R46 Old=1K New=1k
Change Value of Parameter Value in Part R47 Old=1K New=1k
Change Value of Parameter Value in Part R49 Old=1K New=1k
Added Parameter AddInBom=yes to Part R46
Added Parameter AddInBom=yes to Part R47
Added Parameter AddInBom=yes to Part R49
Added Parameter Channel ID= to Part R46
Added Parameter Channel ID= to Part R47
Added Parameter Channel ID= to Part R49
Added Parameter ConvertToPcb=yes to Part R46
Added Parameter ConvertToPcb=yes to Part R47
Added Parameter ConvertToPcb=yes to Part R49
Added Parameter Datasheet=https://atta.szlcsc.com/upload/public/pdf/source/20200306/C422600_1E6D84923E4A46A82E41ADD87F860B5C.pdf to Part R46
Added Parameter Datasheet=https://atta.szlcsc.com/upload/public/pdf/source/20200306/C422600_1E6D84923E4A46A82E41ADD87F860B5C.pdf to Part R47
Added Parameter Datasheet=https://atta.szlcsc.com/upload/public/pdf/source/20200306/C422600_1E6D84923E4A46A82E41ADD87F860B5C.pdf to Part R49
Added Parameter Design Item ID=0805W8F1001T5E to Part R46
Added Parameter Design Item ID=0805W8F1001T5E to Part R47
Added Parameter Design Item ID=0805W8F1001T5E to Part R49
Added Parameter Device=0805W8F1001T5E to Part R46
Added Parameter Device=0805W8F1001T5E to Part R47
Added Parameter Device=0805W8F1001T5E to Part R49
Added Parameter FootprintName=R0805 to Part R46
Added Parameter FootprintName=R0805 to Part R47
Added Parameter FootprintName=R0805 to Part R49
Added Parameter Group ID= to Part R46
Added Parameter Group ID= to Part R47
Added Parameter Group ID= to Part R49
Added Parameter JLCPCB Part Class=Basic Part to Part R46
Added Parameter JLCPCB Part Class=Basic Part to Part R47
Added Parameter JLCPCB Part Class=Basic Part to Part R49
Added Parameter LCSC Part Name=1kΩ ±1% 125mW 厚膜电阻 to Part R46
Added Parameter LCSC Part Name=1kΩ ±1% 125mW 厚膜电阻 to Part R47
Added Parameter LCSC Part Name=1kΩ ±1% 125mW 厚膜电阻 to Part R49
Added Parameter Manufacturer Part= to Part R46
Added Parameter Manufacturer Part= to Part R47
Added Parameter Manufacturer Part= to Part R49
Added Parameter Manufacturer=UNI-ROYAL(厚声) to Part R46
Added Parameter Manufacturer=UNI-ROYAL(厚声) to Part R47
Added Parameter Manufacturer=UNI-ROYAL(厚声) to Part R49
Added Parameter ManufacturerPart=0805W8F1001T5E to Part R46
Added Parameter ManufacturerPart=0805W8F1001T5E to Part R47
Added Parameter ManufacturerPart=0805W8F1001T5E to Part R49
Added Parameter ModelId=b83c7c5430874b8eb2319a65d9433429聨0819f05c4eef4c71ace90d822a990e87 to Part R46
Added Parameter ModelId=b83c7c5430874b8eb2319a65d9433429聨0819f05c4eef4c71ace90d822a990e87 to Part R47
Added Parameter ModelId=b83c7c5430874b8eb2319a65d9433429聨0819f05c4eef4c71ace90d822a990e87 to Part R49
Added Parameter ModelName=R0805_L2.0-W1.3-H0.6 to Part R46
Added Parameter ModelName=R0805_L2.0-W1.3-H0.6 to Part R47
Added Parameter ModelName=R0805_L2.0-W1.3-H0.6 to Part R49
Added Parameter ModelTransform=78.74,51.181,0,0,0,0,0,-0.0005,0 to Part R46
Added Parameter ModelTransform=78.74,51.181,0,0,0,0,0,-0.0005,0 to Part R47
Added Parameter ModelTransform=78.74,51.181,0,0,0,0,0,-0.0005,0 to Part R49
Added Parameter Operating Temperature Range=-55℃~+155℃ to Part R46
Added Parameter Operating Temperature Range=-55℃~+155℃ to Part R47
Added Parameter Operating Temperature Range=-55℃~+155℃ to Part R49
Added Parameter Operating Temperature= to Part R46
Added Parameter Operating Temperature= to Part R47
Added Parameter Operating Temperature= to Part R49
Added Parameter Overload Voltage (Max)= to Part R46
Added Parameter Overload Voltage (Max)= to Part R47
Added Parameter Overload Voltage (Max)= to Part R49
Added Parameter Power(Watts)= to Part R46
Added Parameter Power(Watts)= to Part R47
Added Parameter Power(Watts)= to Part R49
Added Parameter Reuse Block= to Part R46
Added Parameter Reuse Block= to Part R47
Added Parameter Reuse Block= to Part R49
Added Parameter Source=P1.SCHLIB to Part R46
Added Parameter Source=P1.SCHLIB to Part R47
Added Parameter Source=P1.SCHLIB to Part R49
Added Parameter Supplier Footprint=0805 to Part R46
Added Parameter Supplier Footprint=0805 to Part R47
Added Parameter Supplier Footprint=0805 to Part R49
Added Parameter Supplier Part= to Part R46
Added Parameter Supplier Part= to Part R47
Added Parameter Supplier Part= to Part R49
Added Parameter SupplierPart=C17513 to Part R46
Added Parameter SupplierPart=C17513 to Part R47
Added Parameter SupplierPart=C17513 to Part R49
Added Parameter Symbol=0805W8F1001T5E to Part R46
Added Parameter Symbol=0805W8F1001T5E to Part R47
Added Parameter Symbol=0805W8F1001T5E to Part R49
Added Parameter Temperature Coefficient=±100ppm/℃ to Part R46
Added Parameter Temperature Coefficient=±100ppm/℃ to Part R47
Added Parameter Temperature Coefficient=±100ppm/℃ to Part R49
Added Parameter Tolerance=1% to Part R46
Added Parameter Tolerance=1% to Part R47
Added Parameter Tolerance=1% to Part R49
Added Parameter Type=Thick Film Resistors to Part R46
Added Parameter Type=Thick Film Resistors to Part R47
Added Parameter Type=Thick Film Resistors to Part R49
Added Parameter Voltage-Supply(Max)= to Part R46
Added Parameter Voltage-Supply(Max)= to Part R47
Added Parameter Voltage-Supply(Max)= to Part R49
Update Managed Component R46 From CMP-016-000001-1[Resistor] To CMP-016-000001-1[0805W8F1001T5E] in Trigger.SchDoc
Update Managed Component R47 From CMP-016-000001-1[Resistor] To CMP-016-000001-1[0805W8F1001T5E] in Trigger.SchDoc
Update Managed Component R49 From CMP-016-000001-1[Resistor] To CMP-016-000001-1[0805W8F1001T5E] in Trigger.SchDoc
